Abbas
Abdul
Abdullah
Abraham
Abram
Achim
Ada
Adalbert
Adam
Adelbert
Adem
Adolf
Adrian
Ahmad
Ahmed
Ahmet
Alan
Alban
Albert
Alberto
Albin
Albrecht
Aldo
Aleksandar
Aleksander
Aleksandr
Aleksej
Alessandro
Alex
Alexander
Alexandre
Alexandros
Alexei
Alexej
Alf
Alfons
Alfonso
Alfred
Alfredo
Ali
Alois
Aloys
Alwin
Amir
Anastasios
Anatol
Anatoli
Anatolij
Andre
André
Andreas
Andree
Andrei
Andrej
Andres
Andrew
Andrey
Andrzej
Andy
Angelo
Anselm
Ansgar
Ante
Anthony
Anto
Anton
Antonino
Antonio
Antonios
Antonius
Apostolos
Aribert
Arif
Armin
Arnd
Arndt
Arne
Arnfried
Arnim
Arno
Arnold
Arnulf
Arthur
Artur
Athanasios
Attila
August
Augustin
Axel
Aziz
Baldur
Balthasar
Baptist
Bartholomäus
Bastian
Bayram
Bekir
Bela
Ben
Benedikt
Benjamin
Benno
Berend
Bernard
Bernd
Berndt
Bernfried
Bernhard
Bernt
Bernward
Bert
Berthold
Bertold
Bertram
Birger
Björn
Bodo
Bogdan
Boris
Branko
Brian
Bruno
Burckhard
Burghard
Burkard
Burkhard
Burkhardt
Calogero
Carl
Carlo
Carlos
Carmelo
Carsten
Celal
Cemal
Cemil
Cengiz
Cetin
Charles
Christian
Christof
Christoph
Christopher
Christos
Claas
Claudio
Claudius
Claus
Clemens
Conrad
Constantin
Cord
Cornelius
Cosimo
Curt
Czeslaw
Dagobert
Damian
Dan
Daniel
Daniele
Danilo
Danny
Darius
Dariusz
Darko
David
Denis
Dennis
Denny
Detlef
Detlev
Diedrich
Dierk
Dieter
Diethard
Diethelm
Diether
Dietmar
Dietrich
Dimitri
Dimitrios
Dino
Dirk
Ditmar
Dittmar
Dogan
Domenico
Dominic
Dominik
Donald
Dragan
Drago
Dursun
Dusan
Eberhard
Eberhardt
Eckard
Eckart
Eckehard
Eckhard
Eckhardt
Eckhart
Edelbert
Edgar
Edmund
Eduard
Edward
Edwin
Egbert
Eggert
Egon
Ehrenfried
Ehrhard
Eitel
Ekkehard
Ekkehart
Ekrem
Elias
Elmar
Emanuel
Emil
Emin
Emmerich
Engelbert
Engin
Enno
Enrico
Enver
Ercan
Erdal
Erdogan
Erhard
Erhardt
Eric
Erich
Erik
Erkan
Ernest
Ernst
Erol
Erwin
Eugen
Evangelos
Ewald
Fabian
Falk
Falko
Faruk
Fatih
Fedor
Felix
Ferdi
Ferdinand
Ferenc
Fernando
Filippo
Florian
Folker
Folkert
Francesco
Francis
Francisco
Franco
Franjo
Frank
Franz
Fred
Freddy
Frederic
Frederik
Fredi
Fredo
Fredy
Fridolin
Friedbert
Friedemann
Frieder
Friedhelm
Friedhold
Friedo
Friedrich
Frithjof
Fritz
Gabor
Gabriel
Gaetano
Gebhard
Geert
Georg
George
Georgios
Gerald
Gerard
Gerd
Gereon
Gerfried
Gerhard
Gerhardt
Gerhart
Gernot
Gero
Gerold
Gerolf
Gert
Gerwin
Gilbert
Gino
Giorgio
Giovanni
Gisbert
Giuseppe
Goran
Gordon
Gottfried
Gotthard
Gotthilf
Gotthold
Gottlieb
Gottlob
Götz
Gregor
Grzegorz
Guenter
Guenther
Guido
Guiseppe
Gunar
Gundolf
Gunnar
Gunter
Günter
Gunther
Günther
Guntram
Gustav
Hagen
Hajo
Hakan
Halil
Hannes
Hanni
Hanno
Hanns
Hans
Hansgeorg
Hansjoachim
Hansjörg
Hansjürgen
Hanspeter
Harald
Hardy
Harm
Harold
Harri
Harro
Harry
Hartmut
Hartmuth
Hartwig
Hasan
Hassan
Hasso
Heiko
Heimo
Heiner
Heinfried
Heini
Heino
Heinrich
Heinz
Helfried
Helge
Hellmut
Hellmuth
Helmar
Helmut
Helmuth
Hendrik
Henner
Henning
Henrik
Henry
Henryk
Herbert
Heribert
Hermann
Herrmann
Herwig
Hilmar
Hinrich
Holger
Holm
Horst
Hubert
Hubertus
Hugo
Hüseyin
Ian
Ibrahim
Ignatz
Ignaz
Igor
Ilhan
Ilias
Ilija
Ilja
Immo
Imre
Ingbert
Ingmar
Ingo
Ingolf
Ioannis
Isidor
Ismail
Ismet
Istvan
Ivan
Ivo
Iwan
Jacek
Jacob
Jakob
James
Jan
Janko
Jann
Janos
Janus
Janusz
Jaroslav
Jaroslaw
Jens
Jerzy
Jiri
Joachim
Jobst
Jochem
Jochen
Joerg
Johan
Johann
Johannes
John
Jonas
Jonathan
Jörg
Jorge
Jörgen
Jörn
Jose
José
Josef
Joseph
Josip
Jost
Jovan
Jozef
Juan
Juergen
Julian
Julius
Jürgen
Juri
Jurij
Justus
Kai
Kamil
Karl
Karlfried
Karlheinz
Karsten
Kasimir
Kaspar
Kay
Kazim
Kemal
Kenan
Kenneth
Kevin
Kilian
Klaas
Klaus
Klemens
Knud
Knut
Konrad
Konstantin
Konstantinos
Korbinian
Kornelius
Kristian
Krzysztof
Kunibert
Kuno
Kurt
Ladislaus
Lambert
Lars
Laszlo
Laurenz
Leander
Leif
Leo
Leon
Leonard
Leonardo
Leonhard
Leonid
Leopold
Leszek
Linus
Lorenz
Lorenzo
Lothar
Louis
Luciano
Ludger
Ludwig
Luigi
Luis
Lukas
Lutz
Magnus
Mahmoud
Mahmut
Maik
Malte
Manfred
Manuel
Marc
Marcel
Marco
Marcus
Marek
Marian
Marijan
Mario
Marius
Mariusz
Mark
Marko
Markus
Marten
Martin
Marvin
Massimo
Mathias
Mato
Matteo
Matthäus
Matthias
Mattias
Maurice
Maurizio
Max
Maxim
Maximilian
Mehdi
Mehmet
Meik
Meinhard
Meinolf
Meinrad
Mesut
Metin
Micha
Michael
Michail
Michel
Miguel
Mijo
Mike
Mikhail
Milan
Milos
Miodrag
Mirco
Mirko
Miroslav
Miroslaw
Mohamed
Mohammad
Mohammed
Moritz
Muharrem
Murat
Mustafa
Muzaffer
Necati
Nick
Nico
Nicolai
Nicolas
Nicolaus
Niels
Niklas
Niko
Nikola
Nikolai
Nikolaj
Nikolaos
Nikolas
Nikolaus
Nils
Norbert
Norman
Nurettin
Nuri
Olaf
Ole
Oliver
Ömer
Orhan
Ortwin
Oscar
Oskar
Osman
Oswald
Oswin
Otfried
Othmar
Otmar
Ottfried
Ottmar
Otto
Ottokar
Ottomar
Paolo
Pascal
Pasquale
Patric
Patrick
Patrik
Paul
Paulo
Pavel
Pawel
Pedro
Peer
Pero
Petar
Peter
Petros
Philip
Philipp
Philippe
Phillip
Pierre
Pietro
Piotr
Pirmin
Pius
Rafael
Raik
Raimund
Rainer
Ralf
Ralph
Ramazan
Ramon
Randolf
Raphael
Raymond
Raymund
Recep
Reginald
Reimar
Reimer
Reimund
Reinald
Reiner
Reinhard
Reinhardt
Reinhart
Reinhold
Remo
Renato
Rene
René
Reza
Ricardo
Richard
Rico
Rigo
Riza
Robby
Robert
Roberto
Robin
Rocco
Rochus
Roderich
Roger
Roland
Rolf
Roman
Romuald
Ron
Ronald
Ronny
Rouven
Roy
Ruben
Rudi
Rüdiger
Rudolf
Rudolph
Rupert
Ryszard
Saban
Sabri
Sahin
Salih
Salvatore
Sami
Samir
Samuel
Sandor
Sandro
Sebastian
Sebastiano
Sedat
Selim
Senol
Sepp
Serge
Sergei
Sergej
Sergio
Severin
Siegbert
Siegfried
Sieghard
Siegmar
Siegmund
Siegward
Sigfried
Sigismund
Sigmar
Sigmund
Sigurd
Silvester
Silvio
Simon
Slavko
Slawomir
Slobodan
Sönke
Sören
Stanislaus
Stanislav
Stanislaw
Stavros
Stefan
Stefano
Steffen
Stephan
Stephen
Steve
Steven
Stjepan
Sükrü
Süleyman
Sven
Swen
Sylvester
Sylvio
Tadeusz
Tassilo
Thaddäus
Theo
Theobald
Theodor
Theodoros
Thies
Thilo
Thomas
Thoralf
Thorben
Thorsten
Tibor
Till
Tillmann
Tilman
Tilmann
Tilo
Tim
Timm
Timo
Tino
Tobias
Tom
Tomas
Tomasz
Tomislav
Toni
Tony
Toralf
Torben
Torsten
Traugott
Udo
Ulf
Uli
Ullrich
Ulrich
Urban
Urs
Utz
Uwe
Vadim
Valentin
Valerij
Vassilios
Veit
Veli
Victor
Viktor
Vincent
Vincenzo
Vinko
Vinzenz
Vitali
Vito
Vittorio
Vitus
Vladimir
Vlado
Volker
Volkhard
Volkmar
Waldemar
Walfried
Walter
Walther
Wenzel
Werner
Wieland
Wieslaw
Wigbert
Wilfried
Wilhelm
Willfried
Willi
William
Willibald
Willibert
Willy
Winfried
Witold
Wladimir
Wojciech
Woldemar
Wolf
Wolfgang
Wolfhard
Wolfram
Wulf
Xaver
Yilmaz
Yusuf
Zbigniew
Zdravko
Zeki
Zeljko
Zenon
Zlatko
Zoltan
Zoran
