aage
abba
abdul
abdullah
abel
abma
abraham
abram
abusz
achiel
achille
achim
ada
adalbert
adam
adela
adéla
adele
adelheid
adelina
adelson
adolf
adolfine
adolph
adriaan
adrianus
ady
aegidius
agathe
agnes
ahmed
aimée
aizpute
akiba
aksel
aladar
alain
alan
alarich
albert
albertina
albin
albina
albína
albrecht
alcjzy
aldona
aleksandra
alena
aleš
alex
alexander
alexandr
alexandra
alexandre
alexandru
alexis
alf
alfons
alfred
alfréd
alfredo
alhard
alice
alicja
alina
alis
alix
alja
alma
almut
alois
aloisia
aloisie
aloisio
aloys
aloyse
alphons
alphonse
alvin
alwin
alwine
alyne
alžběta
amaat
amalia
amalie
amálie
amanda
amandus
amélie
amiela
amon
amos
anatole
anatoly
anděla
andor
andre
andré
andrea
andreas
andree
andrej
andres
andrey
andrija
andrzej
anette
anežka
angela
angelika
aniela
anita
anja
anna
anne
annedore
anneke
annelie
anneliese
annemarie
annetta
annette
anni
annie
annot
anny
anselm
ansgar
answald
antal
ante
anthony
antje
antoine
anton
antonie
antonin
antonín
antonius
antoon
aranka
ariel
aristide
aristides
arje
arkade
arkadi
armgard
armik
armin
arnaud
arne
arnim
arnis
arno
arnold
arnolt
arnost
arnošt
arnoštka
arnulf
aron
arpad
arthur
artur
arturo
arturs
arvid
arvin
arwed
asella
asgar
ashken
assien
asta
astrid
asur
attilio
audomar
augusta
auguste
augustin
augustina
aurel
aurelia
aurelie
averell
avery
avner
avram
axel
babeta
babette
balder
baldur
baleslaw
balthasar
balti
bandi
barbara
bärbel
barbora
barkholt
barneveld
barsukow
bart
bartholomäus
bartoloméus
baruch
basco
basia
basile
bataille
beate
beatrice
beatrix
bedri
bedřich
bedřiška
beila
beile
bela
béla
běla
belina
bella
ben
bendix
bendrich
benedetto
benedikt
benedykt
benek
bengt
benito
benjamin
benni
benno
beno
beppo
berek
berhold
berisch
berl
bernard
bernardo
bernat
bernd
bernhard
bernhardine
bernhardini
bernhart
berni
bernt
berta
bertalan
bertel
bertes
bertha
berthe
berthold
berti
bertold
bertrand
bettchen
betti
betty
beyla
bianca
bianka
bienchen
biene
bijan
bill
billy
binz
birger
birgit
björnstjerne
blanche
blanka
bloedbad
bob
bodewin
bodo
boerge
bogdan
boguslaw
bohdan
bohnslav
bohumil
bohumír
bohuš
bolko
boris
boudewijn
bozena
božena
bracha
branimir
branko
brian
brigitta
brigitte
bronia
bronislava
bronislaw
bruce
brünn
bruno
brunon
bruria
bubi
bunia
burkhard
cäcile
cäcilie
caecille
cajetan
callmann
camiel
camilla
camille
camillo
carl
carlheinz
carlo
carlos
carltheo
carmella
carmen
caroline
casemiro
caskiel
catharina
catherine
cäzilia
cecilia
cecilie
celestin
centa
cerline
chafi
chaïe
chaim
chaja
chajata
chaje
chajum
chana
chane
charles
charlota
charlotta
charlotte
chazkel
chinoch
christa
christel
christiane
christine
christl
christof
christofer
christomus
christoph
christopher
chuna
cilla
cilly
claire
clara
cläre
clarence
claude
claudia
claus
clemens
clementine
clotaire
cölestine
colin
combats
conrad
constantin
copelis
cora
cordell
cornel
cornelia
corneliu
corry
ctibor
cuno
curt
cypora
cyra
czarne
czerna
czeslaus
czeslaw
czeslawa
dagmar
dagobert
daisy
damian
dan
daniel
daniël
daniela
danilo
dankmar
danylo
david
dawid
dean
debora
deborah
delia
denny
derrick
desider
desiree
deszö
deszoe
detlef
detlev
dezider
diana
dick
didier
diemut
dieter
diether
dietlind
dietmar
dietrich
dietz
dimitri
dimitrije
dina
dino
dirk
dita
ditlieb
ditmar
dolik
dolsine
döme
domenico
dominik
dominikus
donald
donata
donato
dora
dorchen
dorel
doris
dorith
dorota
dorothea
dorothee
dorothy
douglas
dounia
dov
dragi
dragutin
draza
duncan
dusan
dwight
dworja
ebbo
eberhard
eckart
edda
eddie
edelgard
edgar
edit
edita
edith
edizia
edmond
edmund
edo
edouard
eduard
eduardo
eduin
edvard
edward
edwin
efim
efisio
eftichia
egbert
eggert
eglantine
egmont
egon
ehrenfried
ehud
eichmann
eidel
einar
eirik
eisig
eitelfritz
eivind
eizo
ejner
ekkehard
ekkehart
ela
elemér
elena
eleonora
eleonore
elfrieda
elfriede
eliah
eliahu
elias
eliáš
eliazar
elie
eliezer
elik
elinka
elisa
elisabeth
elisaweta
elise
eliška
elizabeth
ella
ellef
ellen
elli
ellie
ellis
elly
elmar
elonore
elsa
elsbeth
else
elsie
elvira
elvíra
elwine
ema
emanouel
emanuel
emerich
emiel
emil
emila
emile
émile
emilie
emílie
emilio
emma
emmajohanna
emmanuel
emmerich
emmi
emmy
emo
enest
engelbert
enno
enrico
enrique
ephraim
ercoli
erhard
erhart
eric
erich
erick
erik
erika
erling
erna
ernest
ernestina
ernestine
erno
ernő
ernst
ernt
ervin
ervín
ervina
erwin
esko
ester
estera
esther
etel
ethea
etienne
etta
ette
etty
eugème
eugen
eugene
eugenia
eugenie
eugenio
eugenjusz
eva
evald
eveline
evelyna
evelyne
evi
evžen
evžena
evženie
ewala
ewald
ezra
fabian
fabrice
falk
fani
fanni
fanny
fany
federico
fedor
fela
felice
felicia
felicie
felicitas
felicja
felix
fella
feodor
feodore
ferdi
ferdinand
ferdo
ferenc
ferencz
ferenz
fernand
ferruccio
fiede
filip
filipina
filomena
finn
firmin
flak
flora
flore
florent
florian
florimond
folke
francesco
francis
francisco
franciskus
francois
françois
frania
frank
frano
frans
franta
frantisek
františek
františka
franz
franziska
franzizsek
franzy
fre
fred
freda
freddy
frederic
frederick
freidel
frenzolf
freude
freya
fricis
frida
frída
fridolin
fridrich
frieda
friedel
frieder
friederika
friederike
friedhelm
friedl
friedrich
friedwien
frima
frithjof
frits
fritz
fritze
frranz
fülöp
fylkesmann
gabriel
gabriela
gabriele
gabrielle
gaby
gala
galeazzo
galina
gastone
gauthier
gebhard
gedale
gedalja
gella
geneviève
genia
genovewa
geoffrey
georg
george
georges
georgi
georgij
georgine
georgios
gerald
gerard
gerd
gerda
gerdy
gerhard
gerhardt
gerhart
germaine
gernod
gerold
gerret
gerson
gert
gerta
gerti
gertraud
gertraude
gertrud
gertruda
gertrude
gertuda
gerty
gesine
geula
geza
géza
ghert
giacinto
giacomo
gideon
gidla
gigi
gilbert
gilberte
gina
gine
gio
giorgio
giovanni
gisela
giselher
gisella
gisi
gita
githel
giwi
gizela
gloria
godfrey
golda
golde
goldine
golo
gottfried
gotthard
gotthold
gottlieb
gottlob
gottwald
gottwalt
gregor
greta
gréta
gretchen
grete
gretel
gretl
gudrun
guenther
guglielmo
guido
guillaume
guiseppe
gulbrand
gunda
gundolf
gunnar
gunter
günter
gunthar
gunther
günther
guntram
gusta
gustaf
gustav
gustave
guste
gustel
gusti
gustl
gutchen
gutkind
haddy
hadrian
haim
hajo
halina
halvard
hamilton
han
hana
handel
hanelore
hanfried
hanna
hannah
hannchen
hanne
hannelore
hannes
hanni
hanno
hanns
hanor
hans
hansjakob
hansjochen
hansjörg
hanuš
hanusch
harald
hardolph
hardy
hark
harold
harro
harry
hartmann
hartmut
hartog
hary
hasan
haschanoh
hassan
hasso
heda
hedda
hedvika
hedwig
hedy
heidi
heike
heiko
heimann
heimrad
hein
heiner
heini
heino
heinrich
heins
heintje
heintz
heinz
hektor
helen
helena
helene
hélène
helga
helgart
helge
helgo
hella
hellmut
hellmuth
helma
helmtraut
helmut
helmuth
hendrick
hendrik
hendrik-jozef
hendrikus
henne
henni
henning
henny
henoch
henri
henrich
henrici
henrieta
henrietta
henriette
henrik
henrike
henrique
henry
henryk
henryka
hep
herbert
heribert
herma
herman
heřman
hermann
hermina
hermína
hermine
herold
herrmann
hersch
herschel
hersz
herta
hertha
herve
hesso
heyman
heymann
hilar
hilda
hilde
hildegard
hildegarda
hillel
hilmar
hinda
hinde
hinrich
hiroshi
hirsz
hjalmar
hoffmann
holger
holm
horace
horia
horst
hubert
hubertus
hudie
hugo
hulda
hulde
humprecht
hvinden
hyman
hynek
ian
ida
ida-ilona
igal
ignác
ignace
ignacy
ignas
ignátc
ignatz
ignaz
igo
ika
ike
ilea
ilja
ilka
ilko
illa
ilona
ilonka
ilsa
ilse
ilselotte
immanuel
imo
imre
imrich
ina
inayatullah
ingbert
inge
ingo
ingrid
ino
ire
irena
irene
irina
irma
irmela
irmfried
irmgard
irmtraut
irmtrud
isaac
isaak
isabela
isabella
isac
isack
isaias
isak
ischo
isidor
isolde
issak
istrati
istván
italo
itzak
itzek
itzhak
itzig
ivan
ivar
ivo
ivone
iwan
izaak
izak
izák
izidor
jaap
jacek
jack
jacob
jacobot
jacqueline
jacques
jakob
jakobine
jakobj
jakov
jakub
james
jan
ján
jana
jane
janina
janka
jankiel
janne
janos
janpeter
janusz
jaques
jarmila
jaromir
jaromír
jaroslav
jaroslava
jaroslaw
jean
jean-baptiste
jean-charles
jeanetta
jeanette
jehuda
jelen
jenny
jenny-auguste
jenö
jens
jentel
jeroom
jerry
jerzy
jesaias
jetje
jettchen
jette
jetti
jettine
jetty
jewgenij
jezdimir
jimmy
jindřich
jindřiška
jiri
jiří
jiřina
jitka
jizschak
joachim
joan
jobst
joche
jochem
jochen
jocky
joel
johan
johana
johanetta
johann
johanna
johannes
john
johnny
jolana
jon
jonas
jonáš
jonathan
jonny
joop
jörg
joris
josch
jose
josé
josef
josefa
josefina
josefine
josek
joseph
joseph-ernest
josephine
joshua
josiah
josip
jossie
josua
jovan
jozef
józef
juan
juda
judita
judith
juedel
jugo
jules
julia
julian
julián
juliana
juliane
julie
julien
juliette
juliu
julius
jupp
jürgen
jurgis
justin
justine
justus
jutta
kaare
kady
kaethe
kaggi
kallmann
kalman
kamil
kamila
kamilla
kapitein
karel
karin
karl
karla
karlfried
karlfriedrich
karlgeorg
karlhans
karlheinrich
karlheinz
karlis
karmela
karol
karolina
karolína
karoline
karoly
károly
kasimierz
kasimir
kasimira
kaspar
kastellan
katalin
katarina
kate
käte
katerina
kateřina
katharina
käthe
katherina
kathi
kati
katia
katja
katrin
katti
kawas
kay
kazimierz
kazimirz
keile
kenneth
kichisaburo
kilian
kitty
kity
klara
klára
kläre
klaus
klemens
klementina
klementine
kleo
klotilda
knud
knut
koloman
konrad
konrád
konstantin
kopel
kornelia
kornelie
kosta
kreindel
kreszentia
krista
kristian
kristyna
krol
krystyna
kuldiga
kuniberta
kunigunde
kuno
kurt
kurtnk
ladislaus
ladislav
laja
laje
lajos
lajzer
lala
lambert
lanier
larry
lars
laszlo
laura
laureano
laurenz
lawrence
lazarus
lázló
lea
lehmann
leib
leibisch
leila
leiser
lena
lenchen
lene
leni
leo
léo
leokadia
leon
léon
leona
leonard
leonardo
leon-ernest
leonhard
leonid
leonie
leonore
leontina
leontine
leopold
leopoldina
leopoldína
leopoldine
leoš
letti
lev
levi
levin
lex
lia
liana
liane
libuše
liepaja
liesel
lieselotte
liesl
lieven
lili
lilia
lilian
liliana
lilla
lilli
lillo
lilly
lilo
lily
lina
lincoln
linda
linus
lion
liowe
lippe
lippmann
lisa
lisbeth
liselota
liselotte
lisette
livia
líza
ljuba
lobelia
lode
lola
loli
lorenth
lorenz
lorenzen
lotar
lothar
lotka
lotta
lotte
lotti
louis
louisa
louis-auguste
louise
louis-joseph
luba
luc
lucas
lucian
lucie
lucien
lucienne
lucy
luděk
ludger
ludgerus
ludmila
ludmilla
ludo
ludolf
ludovic
ludvík
ludwig
ludwik
luigi
luis
luisa
luise
luitpold
lukas
lutz
lydia
lydie
machiel
madi
madjir
magda
magdalena
magdalene
magnus
maia
maike
mailich
maja
mája
majer
maks
mala
malchen
malka
malke
malli
malvina
malvína
malvine
malwina
malwine
manasse
manaz
mancia
manès
manfred
manfréd
männy
manon
manuel
marc
marceau
marcel
marcel-henri
marcella
marcelle
marcus
marek
marga
margaret
margareta
margarete
margaretha
margarethe
margarita
margaritha
marghanita
margiana
margit
margita
margo
margot
margott
margret
margrit
marguerite
maria
mariam
marian
mariana
mariane
marianna
marianne
marie
marie-jose
marielena
marieta
mario
marion
marius
marjan
marjem
mark
markéta
marko
markus
marlies
marlo
marold
marta
martha
marthe
martin
martina
marussa
marx
mary
marya
masan
matej
mathias
mathilda
mathilde
matilda
matilde
matthäus
matthes
matthew
matthias
matylda
maud
maurice
maurits
mauro
maurois
max
maxi
maxime
maximilian
maximilián
maxmilian
mayer
mechmed
mechtild
meier
meilech
meinhard
meinhart
mela
melanie
melita
melitta
melle
melvin
menaske
mendel
merle
meschulim
meyer
michael
michaela
michail
michal
michel
micislaw
midia
mieczslaus
mieczyslaw
miep
miguel
mihai
mihailo
mika
miklos
miklós
miklosy
miksa
mikuláš
mila
milada
milan
mildred
milena
milli
milly
miloš
miloslav
miloslava
milton
mimke
mina
mína
mindel
minka
minna
mira
mirel
miriam
mirjam
mirko
miroslav
mirza
mischa
mladen
moe
mohamed
mojsche
mojžiš
mojžíš
monika
monique
monis
mordecai
mordechaj
mořic
moritz
moriz
morris
mosch
moses
mosheh
mosze
moszek
moszik
muhamed
myron
myrtle
nache
nachle
nachman
nachmann
nadine
nadja
naftali
nahum
naib
namio
nanda
nane
nanette
nannie
nanny
naphtali
naphtalin
napoleon
napthali
narcisse
natalie
natan
nathan
nelly
nely
nestor
neta
netla
nettchen
netti
netty
nevile
nicholas
nico
nicolae
nicolas
nicolaus
niels
nik
nikifor
nikola
nikolai
nikolas
nikolaus
nikos
nils
nina
nini
nissim
nita
noach
noah
noe
noel
noemi
nora
norbert
nordahl
norma
norman
normann
octavian
odilo
odon
olaf
olav
oldřich
oldřiška
oleg
olga
olly
olov
omer
omotayo
ora
ornulf
oscar
oskar
ossip
osvald
oswald
ota
otakar
otfried
otger
othmar
otilie
otis
otmar
oto
otokar
otomar
otrun
otta
ottfried
otti
ottilie
ottmar
otto
ottokar
ottomar
otylie
ourtha
ove
pablo
palmiro
pandit
parvis
pascal
pasquale
patrick
paul
paula
paul-henri
paulina
pauline
paulus
pavel
pavla
pavlína
pavlo
pawel
pawlo
pedro
peggy
pepi
peppi
pere
perez
perl
perri
peska
pessa
peter
petr
petra
petro
philip
philipp
philippe
piere
piero
pierre
pietro
pinchas
pinhas
pinkas
pinkus
piotr
povilas
pranus
primo
prinses
priska
prizka
pudi
quido
rabella
rachel
radu
rafael
raffael
ragnar
ragnhild
rahel
raid
raimund
rainer
ralf
ralph
ramon
randolph
raoul
raphael
ratimund
rauchla
raul
raya
raymond
rebecca
rebecka
rebeka
rebekka
recha
rechil
refki
regi
regina
regine
reha
reimer
reimond
reinar
reiner
reingard
reinhard
reinhart
reinhold
reinold
reisel
renata
renate
renatte
rene
rené
renée
resi
reszö
ria
ricarda
ricardo
richard
ricka
ricky
riecke
riek
rieke
rija
ringolds
ripol
risa
rita
riva
riwka
roald
robert
robertina
rochme
rodolfo
rodolphe
roger
roland
rolf
rolff
romoi
romuald
ronald
rosa
rosalia
rosalie
rosamunde
röschen
rosemarie
roserl
rosette
rosi
rosie
rosina
rosl
rostislav
roswitha
rosy
roszi
roza
rozalie
rubin
rudenz
rudi
rüdiger
rudolf
rudolfa
rudolfina
rudolfine
rudolph
rupert
rupprecht
rut
rutberg
ruth
ruwel
růžena
ryo
ryuji
rywka
sabina
sabine
saburo
šalamoun
sale
sali
salli
sally
salo
salomea
salomon
šalomon
šalomoun
sam
samchen
samson
samu
samuel
samy
sandor
sano
sara
sarah
sarchen
sarina
šarlota
sarvepalli
sascha
saul
schabse
schaja
schalom
scheindel
scheindl
schima
schimon
schkopau
schloma
schulim
schura
schuschu
sean
seba
sebastian
seev
sefton
selde
selim
selma
selmar
semjon
semmy
senni
sepp
serafine
seraphine
seren
serge
sergius
setta
severin
shaul
shaya
shekib
sheldon
shepard
shimon
shlomo
sibilla
sibille
sibylle
sida
sidonia
sidonie
siegbert
siegfrid
siegfried
sieghart
siegmar
siegmund
siegried
sigbert
sigfrid
sigfried
sigi
sigismund
sigmund
sigrid
sigurdur
sigvard
silke
silva
silvano
silvia
silvie
silvius
sima
siman
simche
sime
simha
simon
šimon
simone
simson
siri
slavko
sofi
sofie
solomon
soma
sonia
sonja
sophia
sophie
sophie-josephe
sorach
sosie
sprince
sprinze
srul
stanilaus
stanislas
stanislaus
stanislav
stanislaw
stanley
stavros
stefa
stefan
stefani
stefania
stefanie
štefanie
stefanio
steffen
stela
stella
štěpán
štěpánka
stephan
stephane
stephanie
stephen
stjepan
sumner
sura
susa
susanna
susanne
suse
sussanna
sven
svend
sverre
swidbert
sybilla
sybille
sydonia
sylvain
sylvester
sylvia
sylvie
sylvious
symcha
syngman
szamo
szczepan
szerena
szlama
szymon
tabel
tadakazu
taddäus
tadeus
tadeusz
tamara
tana
taňa
táňa
tanna
taras
tatjana
tatu
tauba
täubchen
taube
taylor
teodor
teofil
teresa
teresie
tereza
terezie
teutobert
tewfik
thadäus
thadeus
thea
thekla
theo
theobald
theodor
theodore
théodore
theophil
theophile
thera
theres
therese
theresia
thies
thilo
thomas
thor
thorsten
thorwald
thune
tibor
tildy
till
tilla
tilli
tillie
tilman
tilmann
tim
tine
tobias
tobiáš
tola
toledgeri
tom
tomas
tomáš
tomase
tommy
tomy
toni
tony
traian
trauta
traute
tristan
troilo
truda
trude
trudl
tulla
tullio
tuvia
tylda
tymisch
ubald
udo
ugo
ullrich
ulrich
ulrike
uri
ursel
ursula
urszula
uschi
uta
ute
vaclav
václav
valdemar
valdo
valentin
valere
valerian
valerie
valeska
vally
valter
valtr
valy
varian
vava
veit
vera
věra
verena
verona
veronika
vickerl
victor
victoria
vidkun
viggo
viktor
viktoria
viktorie
vilem
vilém
vilemina
vilémina
villy
vilma
vily
vincent
vincenty
vincenz
vincenzo
vinzenz
viorel
vital
vitez
vítězslav
vitka
vittoria
vittorio
vivian
vjeskoslav
vladimir
vladimír
vladislaus
vladislav
vladko
vlasta
vojtech
vojtěch
volker
volkhard
volkmar
vollrat
volman
voytech
waldemar
waldtraut
wally
walter
walther
walthere
waltr
waltraud
wanda
wasil
wassilij
wassiliy
wassiljewitsch
wassily
wasyl
wendell
wenzel
wenzl
werner
wetzel
wiebke
wiktor
wiktoria
wilfried
wilhelm
wilhelmine
wiliam
will
willehard
willem
willi
william
willibald
willim
willmar
willy
wilma
wilmar
wiltrud
wincenty
winfried
winifred
winston
witalij
witold
witram
wittekind
wjatscheslaw
wladimir
wladislaus
wladislav
wladislawa
wladyslaw
wlater
wojciech
woldemar
wolf
wolfdietrich
wolff
wolfgang
wolfram
wolodymyr
wolodynia
xaver
xavier
yashka
yehezkel
yehiel
yeo
yitzhak
yizhak
yoly
yoram
yosuke
youra
yunglay
yvonne
zacharias
zalke
zallel
zbraslav
zdenek
zděnek
zdeněk
zdenka
zděnka
zdeňka
zdenko
zdzislaus
zerline
zikmund
zilla
zilli
zina
zita
zivia
zlata
zlaty
zofia
zofie
žofie
zofin
zul
zuzana
zygmunt
